// Jest Snapshot v1, https://goo.gl/fbAQLP

exports[`Pruebas en el componente RegisterPage Debe mostrarse correctamente 1`] = `
Array [
  <h3
    className="auth__title"
  >
    Register
  </h3>,
  <form
    className="animate__animated animate__fadeIn animate__faster"
    onSubmit={[Function]}
  >
    <input
      className="auth__input"
      name="name"
      onChange={[Function]}
      placeholder="Name"
      type="text"
      value="Nicolas"
    />
    <input
      className="auth__input"
      name="email"
      onChange={[Function]}
      placeholder="Email"
      type="text"
      value="nicososa@gmail.com"
    />
    <input
      className="auth__input"
      name="password"
      onChange={[Function]}
      placeholder="Password"
      type="password"
      value="123456"
    />
    <input
      className="auth__input"
      name="password2"
      onChange={[Function]}
      placeholder="Confirm Password"
      type="password2"
      value="123456"
    />
    <button
      className="btn btn-primary btn-block mt-1"
      type="submit"
    >
      Register
    </button>
    <a
      className="link mt-1"
      href="/auth/login"
      onClick={[Function]}
    >
      Already have an Account
    </a>
  </form>,
]
`;
